Microchip MPLAB XC8 Compiler V2.45

Linker command line:

-W-3 \
  --edf=C:\Program Files\Microchip\xc8\v2.45\pic\dat\20230818022343_en.msgs \
  -cn \
  -h+dist/default/debug\mini-project-energy-saving-automatic-outside-light-tomas-thomas.X.debug.sym \
  --cmf=dist/default/debug\mini-project-energy-saving-automatic-outside-light-tomas-thomas.X.debug.cmf \
  -z -Q18F67K40 -oC:\Users\thoma\AppData\Local\Temp\xcAsgt4.\driver_tmp_3.o \
  --defsym=__MPLAB_BUILD=1 --fixupoverflow=error \
  -Mdist/default/debug/mini-project-energy-saving-automatic-outside-light-tomas-thomas.X.debug.map \
  --md=C:\Users\thoma\AppData\Local\Temp\xcAsgt4.\driver_tmp_0.dat -E1 \
  -ver=XC8 Compiler --acfsm=1493 -ACODE=00h-01FFFFh -ACONST=00h-01FFFFh \
  -ASMALLCONST=0E00h-0EFFhx498 -AMEDIUMCONST=0E00h-0FFFFh,010E00h-01FFFFh \
  -ACOMRAM=01h-05Fh -AABS1=00h-0DE9h -ABIGRAM=01h-0DE9h \
  -ARAM=060h-0FFh,0100h-01FFhx12,0D00h-0DE9h -ABANK0=060h-0FFh \
  -ABANK1=0100h-01FFh -ABANK2=0200h-02FFh -ABANK3=0300h-03FFh \
  -ABANK4=0400h-04FFh -ABANK5=0500h-05FFh -ABANK6=0600h-06FFh \
  -ABANK7=0700h-07FFh -ABANK8=0800h-08FFh -ABANK9=0900h-09FFh \
  -ABANK10=0A00h-0AFFh -ABANK11=0B00h-0BFFh -ABANK12=0C00h-0CFFh \
  -ABANK13=0D00h-0DE9h \
  -ASFR=0DEFh-0DFFh,0E00h-0EFFh,0F00h-0F5Fh,0F60h-0FFFh \
  -ABIGSFR=0DEFh-0FFFh -ACONFIG=0300000h-030000Bh -AIDLOC=0200000h-020000Fh \
  -AEEDATA=0310000h-03103FFh -peeprom_data=EEDATA \
  -preset_vec=00h,intcode=08h,intcodelo,powerup,init -pramtop=0E00h \
  -psmallconst=SMALLCONST -pmediumconst=MEDIUMCONST -pconst=CONST \
  -AFARRAM=00h-00h \
  -prdata=COMRAM,nvrram=COMRAM,nvbit=COMRAM,rbss=COMRAM,rbit=COMRAM \
  -pfarbss=FARRAM,fardata=FARRAM,nvFARRAM=FARRAM \
  -pintsave_regs=BIGRAM,bigbss=BIGRAM,bigdata=BIGRAM -pbss=RAM \
  -pidata=CODE,irdata=CODE,ibigdata=CODE,ifardata=CODE -prparam=COMRAM \
  C:\Users\thoma\AppData\Local\Temp\xcAsgt4.\driver_tmp_9.o \
  dist/default/debug\mini-project-energy-saving-automatic-outside-light-tomas-thomas.X.debug.o 

Object code version is 3.11

Machine type is 18F67K40



                Name                               Link     Load   Length Selector   Space Scale
C:\Users\thoma\AppData\Local\Temp\xcAsgt4.\driver_tmp_9.o
                config                           300000   300000        6        0       4
                init                                 30       30        4        4       0
                reset_vec                             0        0        4        0       0
dist/default/debug\mini-project-energy-saving-automatic-outside-light-tomas-thomas.X.debug.o
                intcode                               8        8       28        4       0
                config                           300000   300000        6        0       4
                temp                                  E        E        1        1       1
                smallconst                          E00      E00        2      700       0
                text8                              144C     144C       30      701       0
                text7                              14C2     14C2       1A      701       0
                text6                              13D4     13D4       78      701       0
                text5                              14F2     14F2        E      701       0
                text4                              130C     130C       C8      701       0
                text3                              147C     147C       26      701       0
                text2                              14A2     14A2       20      701       0
                text1                              1176     1176      196      701       0
                text0                               E02      E02      374      701       0
                cstackCOMRAM                          1        1        D        1       1
                cstackBANK1                         100      100       A8      100       1
                bssBANK1                            1A8      1A8       38      100       1
                cinit                              14DC     14DC       16      701       0
                nvBANK1                             1E0      1E0        2      100       1

TOTAL           Name                               Link     Load   Length     Space
        CLASS   CODE           
                intcode                               8        8       28         0
                init                                 30       30        4         0
                reset_vec                             0        0        4         0
                text8                              144C     144C       30         0
                text7                              14C2     14C2       1A         0
                text6                              13D4     13D4       78         0
                text5                              14F2     14F2        E         0
                text4                              130C     130C       C8         0
                text3                              147C     147C       26         0
                text2                              14A2     14A2       20         0
                text1                              1176     1176      196         0
                text0                               E02      E02      374         0
                cinit                              14DC     14DC       16         0

        CLASS   CONST          

        CLASS   SMALLCONST     
                smallconst                          E00      E00        2         0

        CLASS   MEDIUMCONST    

        CLASS   COMRAM         
                temp                                  E        E        1         1
                cstackCOMRAM                          1        1        D         1

        CLASS   ABS1           

        CLASS   BIGRAM         

        CLASS   RAM            

        CLASS   BANK0          

        CLASS   BANK1          
                cstackBANK1                         100      100       A8         1
                bssBANK1                            1A8      1A8       38         1
                nvBANK1                             1E0      1E0        2         1

        CLASS   BANK2          

        CLASS   BANK3          

        CLASS   BANK4          

        CLASS   BANK5          

        CLASS   BANK6          

        CLASS   BANK7          

        CLASS   BANK8          

        CLASS   BANK9          

        CLASS   BANK10         

        CLASS   BANK11         

        CLASS   BANK12         

        CLASS   BANK13         

        CLASS   SFR            

        CLASS   BIGSFR         

        CLASS   CONFIG         
                config                           300000   300000        6         4

        CLASS   IDLOC          

        CLASS   EEDATA         

        CLASS   FARRAM         

        CLASS   HEAP           

        CLASS   STACK          



SEGMENTS        Name                           Load    Length   Top    Selector   Space  Class

                reset_vec                      000000  000004  000004         0       0  CODE    
                cstackCOMRAM                   000001  00000E  00000F         1       1  COMRAM  
                intcode                        000008  00002C  000034         4       0  CODE    
                cstackBANK1                    000100  0000E2  0001E2       100       1  BANK1   
                smallconst                     000E00  000002  000E02       700       0  SMALLCON
                text0                          000E02  0006FE  001500       701       0  CODE    


UNUSED ADDRESS RANGES

        Name                Unused          Largest block    Delta
        BANK0            000060-0000FF               A0
        BANK1            0001E2-0001FF               1E
        BANK10           000A00-000AFF              100
        BANK11           000B00-000BFF              100
        BANK12           000C00-000CFF              100
        BANK13           000D00-000DE9               EA
        BANK2            000200-0002FF              100
        BANK3            000300-0003FF              100
        BANK4            000400-0004FF              100
        BANK5            000500-0005FF              100
        BANK6            000600-0006FF              100
        BANK7            000700-0007FF              100
        BANK8            000800-0008FF              100
        BANK9            000900-0009FF              100
        BIGRAM           00000F-0000FF               F1
                         0001E2-000DE9              C08
        BIGSFR           000DEF-000FFF              211
        CODE             000004-000007                4
                         000034-000DFF              DCC
                         001500-01FFFF            1EB00
        COMRAM           00000F-00005F               51
        CONFIG           300006-30000B                6
        CONST            000004-000007                4
                         000034-000DFF              DCC
                         001500-01FFFF            1EB00
        EEDATA           310000-3103FF              400
        IDLOC            200000-20000F               10
        MEDIUMCONST      001500-00FFFF             EB00
                         010E00-01FFFF             F200
        RAM              000060-0000FF               A0
                         0001E2-000DE9              100
        SFR              000DEF-000FFF              100
        SMALLCONST       001500-01FFFF              100

                                  Symbol Table

?_ADC_getval               cstackCOMRAM 000001
ADC_getval@tmpval          cstackCOMRAM 000003
ArrayAppend@Time           cstackCOMRAM 000005
ArrayAppend@arrayTime      cstackCOMRAM 000001
ArrayAppend@i              cstackCOMRAM 00000A
ArrayAppend@size           cstackCOMRAM 000003
LEDarray_disp_bin@number   cstackCOMRAM 000001
UpdateClock@days           cstackCOMRAM 000007
UpdateClock@hours          cstackCOMRAM 000005
UpdateClock@minutes        cstackCOMRAM 000003
UpdateClock@seconds        cstackCOMRAM 000001
_ADCON0bits                (abs)        000F60
_ADC_getval                text8        00144C
_ADC_init                  text7        0014C2
_ADPCH                     (abs)        000F5F
_ADREFbits                 (abs)        000F58
_ADRESH                    (abs)        000F64
_ANSELAbits                (abs)        000E92
_ArrayAppend               text6        0013D4
_CM1CON0bits               (abs)        000ED0
_CM1CON1bits               (abs)        000ED1
_CM1NCHbits                (abs)        000ED2
_CM1PCHbits                (abs)        000ED3
_DAC1CON0bits              (abs)        000EC6
_DAC1CON1bits              (abs)        000EC7
_GLOBALsecs                nvBANK1      0001E0
_HighISR                   intcode      000008
_INTCONbits                (abs)        000FF2
_IPR0bits                  (abs)        000E1F
_Interrupts_init           text5        0014F2
_LATAbits                  (abs)        000F79
_LATBbits                  (abs)        000F7A
_LATDbits                  (abs)        000F7C
_LATFbits                  (abs)        000F7E
_LATGbits                  (abs)        000F7F
_LATHbits                  (abs)        000F80
_LEDarray_disp_bin         text4        00130C
_LEDarray_init             text3        00147C
_PIE0bits                  (abs)        000E29
_PIR0bits                  (abs)        000E33
_T0CON0bits                (abs)        000FD5
_T0CON1bits                (abs)        000FD6
_TMR0H                     (abs)        000FD4
_TMR0L                     (abs)        000FD3
_TRISAbits                 (abs)        000F81
_TRISBbits                 (abs)        000F82
_TRISDbits                 (abs)        000F84
_TRISFbits                 (abs)        000F86
_TRISGbits                 (abs)        000F87
_TRISHbits                 (abs)        000F88
_Timer0_init               text2        0014A2
_UpdateClock               text1        001176
__HRAM                     (abs)        000000
__H__absolute__            __absolute__ 000000
__Habs1                    abs1         000000
__Hbank0                   bank0        000000
__Hbank1                   bank1        000000
__Hbank10                  bank10       000000
__Hbank11                  bank11       000000
__Hbank12                  bank12       000000
__Hbank13                  bank13       000000
__Hbank2                   bank2        000000
__Hbank3                   bank3        000000
__Hbank4                   bank4        000000
__Hbank5                   bank5        000000
__Hbank6                   bank6        000000
__Hbank7                   bank7        000000
__Hbank8                   bank8        000000
__Hbank9                   bank9        000000
__Hbigbss                  bigbss       000000
__Hbigdata                 bigdata      000000
__Hbigram                  bigram       000000
__Hbigsfr                  bigsfr       000000
__Hbss                     bss          000000
__HbssBANK1                bssBANK1     000000
__Hcinit                   cinit        000000
__Hclrtext                 clrtext      000000
__Hcomram                  comram       000000
__Hconfig                  config       300006
__Hconst                   const        000000
__HcstackBANK1             cstackBANK1  000000
__HcstackCOMRAM            cstackCOMRAM 000000
__Hdata                    data         000000
__Heeprom_data             eeprom_data  000000
__Hfarbss                  farbss       000000
__Hfardata                 fardata      000000
__Hheap                    heap         000000
__Hibigdata                ibigdata     000000
__Hidata                   idata        000000
__Hidloc                   idloc        000000
__Hifardata                ifardata     000000
__Hinit                    init         000034
__Hintcode                 intcode      000030
__Hintcode_body            intcode_body 000000
__Hintcodelo               intcodelo    000030
__Hintentry                intentry     000000
__Hintret                  intret       000000
__Hintsave_regs            intsave_regs 000000
__Hirdata                  irdata       000000
__Hmediumconst             mediumconst  000000
__HnvBANK1                 nvBANK1      000000
__HnvFARRAM                nvFARRAM     000000
__Hnvbit                   nvbit        000000
__Hnvrram                  nvrram       000000
__Hparam                   rparam       000000
__Hpowerup                 powerup      000030
__Hram                     ram          000000
__Hramtop                  ramtop       000E00
__Hrbit                    rbit         000000
__Hrbss                    rbss         000000
__Hrdata                   rdata        000000
__Hreset_vec               reset_vec    000004
__Hrparam                  rparam       000000
__Hsfr                     sfr          000000
__Hsmallconst              smallconst   000E02
__Hspace_0                 (abs)        001500
__Hspace_1                 (abs)        0001E2
__Hspace_2                 (abs)        000000
__Hspace_4                 (abs)        600006
__Hstack                   stack        000000
__Hstruct                  struct       000000
__Htemp                    temp         00000F
__Htext                    text         000000
__Htext0                   text0        000000
__Htext1                   text1        000000
__Htext2                   text2        000000
__Htext3                   text3        000000
__Htext4                   text4        000000
__Htext5                   text5        000000
__Htext6                   text6        000000
__Htext7                   text7        000000
__Htext8                   text8        000000
__LRAM                     (abs)        000001
__L__absolute__            __absolute__ 000000
__Labs1                    abs1         000000
__Lbank0                   bank0        000000
__Lbank1                   bank1        000000
__Lbank10                  bank10       000000
__Lbank11                  bank11       000000
__Lbank12                  bank12       000000
__Lbank13                  bank13       000000
__Lbank2                   bank2        000000
__Lbank3                   bank3        000000
__Lbank4                   bank4        000000
__Lbank5                   bank5        000000
__Lbank6                   bank6        000000
__Lbank7                   bank7        000000
__Lbank8                   bank8        000000
__Lbank9                   bank9        000000
__Lbigbss                  bigbss       000000
__Lbigdata                 bigdata      000000
__Lbigram                  bigram       000000
__Lbigsfr                  bigsfr       000000
__Lbss                     bss          000000
__LbssBANK1                bssBANK1     000000
__Lcinit                   cinit        000000
__Lclrtext                 clrtext      000000
__Lcomram                  comram       000000
__Lconfig                  config       000000
__Lconst                   const        000000
__LcstackBANK1             cstackBANK1  000000
__LcstackCOMRAM            cstackCOMRAM 000000
__Ldata                    data         000000
__Leeprom_data             eeprom_data  000000
__Lfarbss                  farbss       000000
__Lfardata                 fardata      000000
__Lheap                    heap         000000
__Libigdata                ibigdata     000000
__Lidata                   idata        000000
__Lidloc                   idloc        000000
__Lifardata                ifardata     000000
__Linit                    init         000030
__Lintcode                 intcode      000008
__Lintcode_body            intcode_body 000000
__Lintcodelo               intcodelo    000030
__Lintentry                intentry     000000
__Lintret                  intret       000000
__Lintsave_regs            intsave_regs 000000
__Lirdata                  irdata       000000
__Lmediumconst             mediumconst  000000
__LnvBANK1                 nvBANK1      000000
__LnvFARRAM                nvFARRAM     000000
__Lnvbit                   nvbit        000000
__Lnvrram                  nvrram       000000
__Lparam                   rparam       000000
__Lpowerup                 powerup      000030
__Lram                     ram          000000
__Lramtop                  ramtop       000E00
__Lrbit                    rbit         000000
__Lrbss                    rbss         000000
__Lrdata                   rdata        000000
__Lreset_vec               reset_vec    000000
__Lrparam                  rparam       000000
__Lsfr                     sfr          000000
__Lsmallconst              smallconst   000E00
__Lspace_0                 (abs)        000000
__Lspace_1                 (abs)        000000
__Lspace_2                 (abs)        000000
__Lspace_4                 (abs)        000000
__Lstack                   stack        000000
__Lstruct                  struct       000000
__Ltemp                    temp         00000E
__Ltext                    text         000000
__Ltext0                   text0        000000
__Ltext1                   text1        000000
__Ltext2                   text2        000000
__Ltext3                   text3        000000
__Ltext4                   text4        000000
__Ltext5                   text5        000000
__Ltext6                   text6        000000
__Ltext7                   text7        000000
__Ltext8                   text8        000000
__S0                       (abs)        001500
__S1                       (abs)        0001E2
__S4                       (abs)        000000
__S5                       (abs)        000000
___heap_hi                 (abs)        000000
___heap_lo                 (abs)        000000
___inthi_sp                stack        000000
___inthi_stack_hi          stack        000000
___inthi_stack_lo          stack        000000
___intlo_sp                stack        000000
___intlo_stack_hi          stack        000000
___intlo_stack_lo          stack        000000
___param_bank              (abs)        000000
___rparam_used             (abs)        000001
___sp                      stack        000000
___stack_hi                stack        000000
___stack_lo                stack        000000
__accesstop                (abs)        000060
__activetblptr             (abs)        000000
__end_of_ADC_getval        text8        00147C
__end_of_ADC_init          text7        0014DC
__end_of_ArrayAppend       text6        00144C
__end_of_HighISR           intcode      000030
__end_of_Interrupts_init   text5        001500
__end_of_LEDarray_disp_bin text4        0013D4
__end_of_LEDarray_init     text3        0014A2
__end_of_Timer0_init       text2        0014C2
__end_of_UpdateClock       text1        00130C
__end_of__initialization   cinit        0014E8
__end_of_main              text0        001176
__initialization           cinit        0014DC
__mediumconst              mediumconst  000000
__pbssBANK1                bssBANK1     0001A8
__pcinit                   cinit        0014DC
__pcstackBANK1             cstackBANK1  000100
__pcstackCOMRAM            cstackCOMRAM 000001
__pintcode                 intcode      000008
__pnvBANK1                 nvBANK1      0001E0
__psmallconst              smallconst   000E00
__ptext0                   text0        000E02
__ptext1                   text1        001176
__ptext2                   text2        0014A2
__ptext3                   text3        00147C
__ptext4                   text4        00130C
__ptext5                   text5        0014F2
__ptext6                   text6        0013D4
__ptext7                   text7        0014C2
__ptext8                   text8        00144C
__ramtop                   ramtop       000E00
__smallconst               smallconst   000E00
_main                      text0        000E02
btemp                      temp         00000E
end_of_initialization      cinit        0014E8
int$flags                  temp         00000E
intlevel0                  text         000000
intlevel1                  text         000000
intlevel2                  text         000000
intlevel3                  text         000000
isa$std                    (abs)        000001
isa$xinst                  (abs)        000000
main@14166                 cstackBANK1  000100
main@14168                 cstackBANK1  00010E
main@14170                 cstackBANK1  00011C
main@14172                 cstackBANK1  00012A
main@Apr                   cstackBANK1  000152
main@Aug                   cstackBANK1  00016A
main@DSTon                 cstackBANK1  000188
main@Dawn                  cstackBANK1  000190
main@Dec                   cstackBANK1  000182
main@Dusk                  cstackBANK1  000198
main@Feb                   cstackBANK1  000146
main@Jan                   cstackBANK1  000140
main@Jul                   cstackBANK1  000164
main@Jun                   cstackBANK1  00015E
main@Mar                   cstackBANK1  00014C
main@May                   cstackBANK1  000158
main@Nov                   cstackBANK1  00017C
main@Oct                   cstackBANK1  000176
main@Sep                   cstackBANK1  000170
main@clock                 cstackBANK1  0001A0
main@curval                cstackBANK1  00013E
main@daycount              cstackBANK1  00013A
main@light_threshold       cstackBANK1  00013C
main@previousClockDays     cstackBANK1  000138
stackhi                    (abs)        000000
stacklo                    (abs)        000000
start                      init         000030
start_initialization       cinit        0014DC
ttemp5                     temp         00000F
ttemp6                     temp         000012
ttemp7                     temp         000016
wtemp8                     temp         00000F


MODULE INFORMATION

Module		Function		Class		Link	Load	Size
timers.c
		_Timer0_init   		CODE           	14A2	0000	32

timers.c estimated size: 32

clock.c
		_UpdateClock   		CODE           	1176	0000	406

clock.c estimated size: 406

interrupts.c
		_Interrupts_init		CODE           	14F2	0000	14
		_HighISR       		CODE           	0008	0000	40

interrupts.c estimated size: 54

LEDarray.c
		_LEDarray_init 		CODE           	147C	0000	38
		_LEDarray_disp_bin		CODE           	130C	0000	200

LEDarray.c estimated size: 238

shared
		__initialization		CODE           	14DC	0000	12

shared estimated size: 12

ADC.c
		_ADC_init      		CODE           	14C2	0000	26
		_ADC_getval    		CODE           	144C	0000	48

ADC.c estimated size: 74

synchronisation.c
		_ArrayAppend   		CODE           	13D4	0000	120

synchronisation.c estimated size: 120

main.c
		_main          		CODE           	0E02	0000	884

main.c estimated size: 884

