Microchip MPLAB XC8 Compiler V2.45

Linker command line:

-W-3 \
  --edf=C:\Program Files\Microchip\xc8\v2.45\pic\dat\20230818022343_en.msgs \
  -cn \
  -h+dist/default/production\mini-project-energy-saving-automatic-outside-light-tomas-thomas.X.production.sym \
  --cmf=dist/default/production\mini-project-energy-saving-automatic-outside-light-tomas-thomas.X.production.cmf \
  -z -Q18F67K40 \
  -oC:\Users\tjhla\AppData\Local\Temp\xcAs14u8.\driver_tmp_3.o \
  --defsym=__MPLAB_BUILD=1 --fixupoverflow=error \
  -Mdist/default/production/mini-project-energy-saving-automatic-outside-light-tomas-thomas.X.production.map \
  --md=C:\Users\tjhla\AppData\Local\Temp\xcAs14u8.\driver_tmp_0.dat -E1 \
  -ver=XC8 Compiler --acfsm=1493 -ACODE=00h-01FFFFh -ACONST=00h-01FFFFh \
  -ASMALLCONST=0E00h-0EFFhx498 -AMEDIUMCONST=0E00h-0FFFFh,010E00h-01FFFFh \
  -ACOMRAM=01h-05Fh -AABS1=00h-0DE9h -ABIGRAM=01h-0DE9h \
  -ARAM=060h-0FFh,0100h-01FFhx12,0D00h-0DE9h -ABANK0=060h-0FFh \
  -ABANK1=0100h-01FFh -ABANK2=0200h-02FFh -ABANK3=0300h-03FFh \
  -ABANK4=0400h-04FFh -ABANK5=0500h-05FFh -ABANK6=0600h-06FFh \
  -ABANK7=0700h-07FFh -ABANK8=0800h-08FFh -ABANK9=0900h-09FFh \
  -ABANK10=0A00h-0AFFh -ABANK11=0B00h-0BFFh -ABANK12=0C00h-0CFFh \
  -ABANK13=0D00h-0DE9h \
  -ASFR=0DEFh-0DFFh,0E00h-0EFFh,0F00h-0F5Fh,0F60h-0FFFh \
  -ABIGSFR=0DEFh-0FFFh -ACONFIG=0300000h-030000Bh -AIDLOC=0200000h-020000Fh \
  -AEEDATA=0310000h-03103FFh -peeprom_data=EEDATA \
  -preset_vec=00h,intcode=08h,intcodelo,powerup,init -pramtop=0E00h \
  -psmallconst=SMALLCONST -pmediumconst=MEDIUMCONST -pconst=CONST \
  -AFARRAM=00h-00h \
  -prdata=COMRAM,nvrram=COMRAM,nvbit=COMRAM,rbss=COMRAM,rbit=COMRAM \
  -pfarbss=FARRAM,fardata=FARRAM,nvFARRAM=FARRAM \
  -pintsave_regs=BIGRAM,bigbss=BIGRAM,bigdata=BIGRAM -pbss=RAM \
  -pidata=CODE,irdata=CODE,ibigdata=CODE,ifardata=CODE -prparam=COMRAM \
  C:\Users\tjhla\AppData\Local\Temp\xcAs14u8.\driver_tmp_14.o \
  dist/default/production\mini-project-energy-saving-automatic-outside-light-tomas-thomas.X.production.o 

Object code version is 3.11

Machine type is 18F67K40



                Name                               Link     Load   Length Selector   Space Scale
C:\Users\tjhla\AppData\Local\Temp\xcAs14u8.\driver_tmp_14.o
                config                           300000   300000        6        0       4
                init                                 30       30        4        4       0
                reset_vec                             0        0        4        0       0
dist/default/production\mini-project-energy-saving-automatic-outside-light-tomas-thomas.X.production.o
                intcode                               8        8       28        4       0
                config                           300000   300000        6        0       4
                temp                                 4B       4B        1        1       1
                smallconst                          E00      E00       46      700       0
                text26                             1DEE     1DEE       1A      723       0
                text25                             1E2E     1E2E        E      723       0
                text24                             1E20     1E20        E      723       0
                text23                             1B68     1B68       68      723       0
                text22                             1DAA     1DAA       24      723       0
                text21                             162A     162A      120      723       0
                text20                             1D30     1D30       2E      723       0
                text19                             1C8E     1C8E       3A      723       0
                text18                             174A     174A       C8      723       0
                text17                             1D84     1D84       26      723       0
                text16                             1DCE     1DCE       20      723       0
                text15                             18D6     18D6       B0      723       0
                text14                              E46      E46      378      723       0
                text13                             1E3E     1E3E        2      723       0
                text12                             1812     1812       C4      723       0
                text11                             1CFC     1CFC       34      723       0
                text10                             1E3C     1E3C        2      723       0
                text9                              1A34     1A34       AA      723       0
                text8                              1C52     1C52       3C      723       0
                text7                              1ADE     1ADE       8A      723       0
                text6                              14C2     14C2      168      723       0
                text5                              1D5E     1D5E       26      723       0
                text4                              1986     1986       AE      723       0
                text3                              1340     1340      182      723       0
                text2                              1BD0     1BD0       42      723       0
                text1                              1CC8     1CC8       34      723       0
                text0                              11BE     11BE      182      723       0
                cstackCOMRAM                          1        1       45        1       1
                cstackBANK0                          60       60       24       60       1
                dataBANK0                            A6       A6       18       60       1
                bssBANK0                             84       84       22       60       1
                bssCOMRAM                            46       46        5        1       1
                cinit                              1C12     1C12       40      723       0
                idataBANK0                         1E08     1E08       18      723       0

TOTAL           Name                               Link     Load   Length     Space
        CLASS   CODE           
                intcode                               8        8       28         0
                init                                 30       30        4         0
                reset_vec                             0        0        4         0
                text26                             1DEE     1DEE       1A         0
                text25                             1E2E     1E2E        E         0
                text24                             1E20     1E20        E         0
                text23                             1B68     1B68       68         0
                text22                             1DAA     1DAA       24         0
                text21                             162A     162A      120         0
                text20                             1D30     1D30       2E         0
                text19                             1C8E     1C8E       3A         0
                text18                             174A     174A       C8         0
                text17                             1D84     1D84       26         0
                text16                             1DCE     1DCE       20         0
                text15                             18D6     18D6       B0         0
                text14                              E46      E46      378         0
                text13                             1E3E     1E3E        2         0
                text12                             1812     1812       C4         0
                text11                             1CFC     1CFC       34         0
                text10                             1E3C     1E3C        2         0
                text9                              1A34     1A34       AA         0
                text8                              1C52     1C52       3C         0
                text7                              1ADE     1ADE       8A         0
                text6                              14C2     14C2      168         0
                text5                              1D5E     1D5E       26         0
                text4                              1986     1986       AE         0
                text3                              1340     1340      182         0
                text2                              1BD0     1BD0       42         0
                text1                              1CC8     1CC8       34         0
                text0                              11BE     11BE      182         0
                cinit                              1C12     1C12       40         0
                idataBANK0                         1E08     1E08       18         0

        CLASS   CONST          

        CLASS   SMALLCONST     
                smallconst                          E00      E00       46         0

        CLASS   MEDIUMCONST    

        CLASS   COMRAM         
                temp                                 4B       4B        1         1
                cstackCOMRAM                          1        1       45         1
                bssCOMRAM                            46       46        5         1

        CLASS   ABS1           

        CLASS   BIGRAM         

        CLASS   RAM            

        CLASS   BANK0          
                cstackBANK0                          60       60       24         1
                dataBANK0                            A6       A6       18         1
                bssBANK0                             84       84       22         1

        CLASS   BANK1          

        CLASS   BANK2          

        CLASS   BANK3          

        CLASS   BANK4          

        CLASS   BANK5          

        CLASS   BANK6          

        CLASS   BANK7          

        CLASS   BANK8          

        CLASS   BANK9          

        CLASS   BANK10         

        CLASS   BANK11         

        CLASS   BANK12         

        CLASS   BANK13         

        CLASS   SFR            

        CLASS   BIGSFR         

        CLASS   CONFIG         
                config                           300000   300000        6         4

        CLASS   IDLOC          

        CLASS   EEDATA         

        CLASS   FARRAM         

        CLASS   HEAP           

        CLASS   STACK          



SEGMENTS        Name                           Load    Length   Top    Selector   Space  Class

                reset_vec                      000000  000004  000004         0       0  CODE    
                cstackCOMRAM                   000001  00004B  00004C         1       1  COMRAM  
                intcode                        000008  00002C  000034         4       0  CODE    
                cstackBANK0                    000060  00005E  0000BE        60       1  BANK0   
                smallconst                     000E00  000046  000E46       700       0  SMALLCON
                text14                         000E46  000FFA  001E40       723       0  CODE    


UNUSED ADDRESS RANGES

        Name                Unused          Largest block    Delta
        BANK0            0000BE-0000FF               42
        BANK1            000100-0001FF              100
        BANK10           000A00-000AFF              100
        BANK11           000B00-000BFF              100
        BANK12           000C00-000CFF              100
        BANK13           000D00-000DE9               EA
        BANK2            000200-0002FF              100
        BANK3            000300-0003FF              100
        BANK4            000400-0004FF              100
        BANK5            000500-0005FF              100
        BANK6            000600-0006FF              100
        BANK7            000700-0007FF              100
        BANK8            000800-0008FF              100
        BANK9            000900-0009FF              100
        BIGRAM           00004C-00005F               14
                         0000BE-000DE9              D2C
        BIGSFR           000DEF-000FFF              211
        CODE             000004-000007                4
                         000034-000DFF              DCC
                         001E40-01FFFF            1E1C0
        COMRAM           00004C-00005F               14
        CONFIG           300006-30000B                6
        CONST            000004-000007                4
                         000034-000DFF              DCC
                         001E40-01FFFF            1E1C0
        EEDATA           310000-3103FF              400
        IDLOC            200000-20000F               10
        MEDIUMCONST      001E40-00FFFF             E1C0
                         010E00-01FFFF             F200
        RAM              0000BE-000DE9              100
        SFR              000DEF-000FFF              100
        SMALLCONST       001E40-01FFFF              100

                                  Symbol Table

?___awdiv                   cstackCOMRAM 000001
?___awmod                   cstackCOMRAM 000001
?___wmul                    cstackCOMRAM 000001
?_abs                       cstackCOMRAM 000007
?_read_prec_or_width        cstackCOMRAM 000007
?_sprintf                   cstackCOMRAM 00002F
?_vfprintf                  cstackCOMRAM 00002B
LCD_sendbyte@Byte           cstackCOMRAM 000003
LCD_sendbyte@type           cstackCOMRAM 000002
LCD_sendnibble@number       cstackCOMRAM 000001
LCD_sendstring@string       cstackCOMRAM 000004
LCD_setline@line            cstackCOMRAM 000004
LEDarray_disp_bin@number    cstackCOMRAM 000001
UpdateClock@DaysInMonth     cstackCOMRAM 000016
UpdateClock@DoW             cstackCOMRAM 00000B
UpdateClock@F14152          dataBANK0    0000A6
UpdateClock@TestMode        cstackCOMRAM 00000E
UpdateClock@days            cstackCOMRAM 00000A
UpdateClock@hours           cstackCOMRAM 000009
UpdateClock@minutes         cstackCOMRAM 000008
UpdateClock@months          cstackCOMRAM 00000C
UpdateClock@seconds         cstackCOMRAM 000007
UpdateClock@years           cstackCOMRAM 00000D
_ADCON0bits                 (abs)        000F60
_ADC_init                   text26       001DEE
_ADPCH                      (abs)        000F5F
_ADREFbits                  (abs)        000F58
_ADRESH                     (abs)        000F64
_ANSELAbits                 (abs)        000E92
_CM1CON0bits                (abs)        000ED0
_CM1CON1bits                (abs)        000ED1
_CM1NCHbits                 (abs)        000ED2
_CM1PCHbits                 (abs)        000ED3
_DAC1CON0bits               (abs)        000EC6
_DAC1CON1bits               (abs)        000EC7
_GLOBALsecs                 bssBANK0     0000A4
_HighISR                    intcode      000008
_INTCONbits                 (abs)        000FF2
_IPR0bits                   (abs)        000E1F
_Interrupts_init            text25       001E2E
_LATAbits                   (abs)        000F79
_LATBbits                   (abs)        000F7A
_LATCbits                   (abs)        000F7B
_LATDbits                   (abs)        000F7C
_LATEbits                   (abs)        000F7D
_LATFbits                   (abs)        000F7E
_LATGbits                   (abs)        000F7F
_LATHbits                   (abs)        000F80
_LCD_E_TOG                  text24       001E20
_LCD_Init                   text21       00162A
_LCD_sendbyte               text22       001DAA
_LCD_sendnibble             text23       001B68
_LCD_sendstring             text20       001D30
_LCD_setline                text19       001C8E
_LEDarray_disp_bin          text18       00174A
_LEDarray_init              text17       001D84
_PIE0bits                   (abs)        000E29
_PIR0bits                   (abs)        000E33
_T0CON0bits                 (abs)        000FD5
_T0CON1bits                 (abs)        000FD6
_TMR0H                      (abs)        000FD4
_TMR0L                      (abs)        000FD3
_TRISAbits                  (abs)        000F81
_TRISBbits                  (abs)        000F82
_TRISCbits                  (abs)        000F83
_TRISDbits                  (abs)        000F84
_TRISEbits                  (abs)        000F85
_TRISFbits                  (abs)        000F86
_TRISGbits                  (abs)        000F87
_TRISHbits                  (abs)        000F88
_Timer0_init                text16       001DCE
_UpdateClock                text14       000E46
__HRAM                      (abs)        000000
__H__absolute__             __absolute__ 000000
__Habs1                     abs1         000000
__Hbank0                    bank0        000000
__Hbank1                    bank1        000000
__Hbank10                   bank10       000000
__Hbank11                   bank11       000000
__Hbank12                   bank12       000000
__Hbank13                   bank13       000000
__Hbank2                    bank2        000000
__Hbank3                    bank3        000000
__Hbank4                    bank4        000000
__Hbank5                    bank5        000000
__Hbank6                    bank6        000000
__Hbank7                    bank7        000000
__Hbank8                    bank8        000000
__Hbank9                    bank9        000000
__Hbigbss                   bigbss       000000
__Hbigdata                  bigdata      000000
__Hbigram                   bigram       000000
__Hbigsfr                   bigsfr       000000
__Hbss                      bss          000000
__HbssBANK0                 bssBANK0     000000
__HbssCOMRAM                bssCOMRAM    000000
__Hcinit                    cinit        000000
__Hclrtext                  clrtext      000000
__Hcomram                   comram       000000
__Hconfig                   config       300006
__Hconst                    const        000000
__HcstackBANK0              cstackBANK0  000000
__HcstackCOMRAM             cstackCOMRAM 000000
__Hdata                     data         000000
__HdataBANK0                dataBANK0    000000
__Heeprom_data              eeprom_data  000000
__Hfarbss                   farbss       000000
__Hfardata                  fardata      000000
__Hheap                     heap         000000
__Hibigdata                 ibigdata     000000
__Hidata                    idata        000000
__HidataBANK0               idataBANK0   000000
__Hidloc                    idloc        000000
__Hifardata                 ifardata     000000
__Hinit                     init         000034
__Hintcode                  intcode      000030
__Hintcode_body             intcode_body 000000
__Hintcodelo                intcodelo    000030
__Hintentry                 intentry     000000
__Hintret                   intret       000000
__Hintsave_regs             intsave_regs 000000
__Hirdata                   irdata       000000
__Hmediumconst              mediumconst  000000
__HnvFARRAM                 nvFARRAM     000000
__Hnvbit                    nvbit        000000
__Hnvrram                   nvrram       000000
__Hparam                    rparam       000000
__Hpowerup                  powerup      000030
__Hram                      ram          000000
__Hramtop                   ramtop       000E00
__Hrbit                     rbit         000000
__Hrbss                     rbss         000000
__Hrdata                    rdata        000000
__Hreset_vec                reset_vec    000004
__Hrparam                   rparam       000000
__Hsfr                      sfr          000000
__Hsmallconst               smallconst   000E46
__Hspace_0                  (abs)        001E40
__Hspace_1                  (abs)        0000BE
__Hspace_2                  (abs)        000000
__Hspace_4                  (abs)        600006
__Hstack                    stack        000000
__Hstruct                   struct       000000
__Htemp                     temp         00004C
__Htext                     text         000000
__Htext0                    text0        000000
__Htext1                    text1        000000
__Htext10                   text10       000000
__Htext11                   text11       000000
__Htext12                   text12       000000
__Htext13                   text13       000000
__Htext14                   text14       000000
__Htext15                   text15       000000
__Htext16                   text16       000000
__Htext17                   text17       000000
__Htext18                   text18       000000
__Htext19                   text19       000000
__Htext2                    text2        000000
__Htext20                   text20       000000
__Htext21                   text21       000000
__Htext22                   text22       000000
__Htext23                   text23       000000
__Htext24                   text24       000000
__Htext25                   text25       000000
__Htext26                   text26       000000
__Htext3                    text3        000000
__Htext4                    text4        000000
__Htext5                    text5        000000
__Htext6                    text6        000000
__Htext7                    text7        000000
__Htext8                    text8        000000
__Htext9                    text9        000000
__LRAM                      (abs)        000001
__L__absolute__             __absolute__ 000000
__Labs1                     abs1         000000
__Lbank0                    bank0        000000
__Lbank1                    bank1        000000
__Lbank10                   bank10       000000
__Lbank11                   bank11       000000
__Lbank12                   bank12       000000
__Lbank13                   bank13       000000
__Lbank2                    bank2        000000
__Lbank3                    bank3        000000
__Lbank4                    bank4        000000
__Lbank5                    bank5        000000
__Lbank6                    bank6        000000
__Lbank7                    bank7        000000
__Lbank8                    bank8        000000
__Lbank9                    bank9        000000
__Lbigbss                   bigbss       000000
__Lbigdata                  bigdata      000000
__Lbigram                   bigram       000000
__Lbigsfr                   bigsfr       000000
__Lbss                      bss          000000
__LbssBANK0                 bssBANK0     000000
__LbssCOMRAM                bssCOMRAM    000000
__Lcinit                    cinit        000000
__Lclrtext                  clrtext      000000
__Lcomram                   comram       000000
__Lconfig                   config       000000
__Lconst                    const        000000
__LcstackBANK0              cstackBANK0  000000
__LcstackCOMRAM             cstackCOMRAM 000000
__Ldata                     data         000000
__LdataBANK0                dataBANK0    000000
__Leeprom_data              eeprom_data  000000
__Lfarbss                   farbss       000000
__Lfardata                  fardata      000000
__Lheap                     heap         000000
__Libigdata                 ibigdata     000000
__Lidata                    idata        000000
__LidataBANK0               idataBANK0   000000
__Lidloc                    idloc        000000
__Lifardata                 ifardata     000000
__Linit                     init         000030
__Lintcode                  intcode      000008
__Lintcode_body             intcode_body 000000
__Lintcodelo                intcodelo    000030
__Lintentry                 intentry     000000
__Lintret                   intret       000000
__Lintsave_regs             intsave_regs 000000
__Lirdata                   irdata       000000
__Lmediumconst              mediumconst  000000
__LnvFARRAM                 nvFARRAM     000000
__Lnvbit                    nvbit        000000
__Lnvrram                   nvrram       000000
__Lparam                    rparam       000000
__Lpowerup                  powerup      000030
__Lram                      ram          000000
__Lramtop                   ramtop       000E00
__Lrbit                     rbit         000000
__Lrbss                     rbss         000000
__Lrdata                    rdata        000000
__Lreset_vec                reset_vec    000000
__Lrparam                   rparam       000000
__Lsfr                      sfr          000000
__Lsmallconst               smallconst   000E00
__Lspace_0                  (abs)        000000
__Lspace_1                  (abs)        000000
__Lspace_2                  (abs)        000000
__Lspace_4                  (abs)        000000
__Lstack                    stack        000000
__Lstruct                   struct       000000
__Ltemp                     temp         00004B
__Ltext                     text         000000
__Ltext0                    text0        000000
__Ltext1                    text1        000000
__Ltext10                   text10       000000
__Ltext11                   text11       000000
__Ltext12                   text12       000000
__Ltext13                   text13       000000
__Ltext14                   text14       000000
__Ltext15                   text15       000000
__Ltext16                   text16       000000
__Ltext17                   text17       000000
__Ltext18                   text18       000000
__Ltext19                   text19       000000
__Ltext2                    text2        000000
__Ltext20                   text20       000000
__Ltext21                   text21       000000
__Ltext22                   text22       000000
__Ltext23                   text23       000000
__Ltext24                   text24       000000
__Ltext25                   text25       000000
__Ltext26                   text26       000000
__Ltext3                    text3        000000
__Ltext4                    text4        000000
__Ltext5                    text5        000000
__Ltext6                    text6        000000
__Ltext7                    text7        000000
__Ltext8                    text8        000000
__Ltext9                    text9        000000
__S0                        (abs)        001E40
__S1                        (abs)        0000BE
__S4                        (abs)        000000
__S5                        (abs)        000000
___awdiv                    text12       001812
___awdiv@counter            cstackCOMRAM 000005
___awdiv@dividend           cstackCOMRAM 000001
___awdiv@divisor            cstackCOMRAM 000003
___awdiv@quotient           cstackCOMRAM 000007
___awdiv@sign               cstackCOMRAM 000006
___awmod                    text15       0018D6
___awmod@counter            cstackCOMRAM 000005
___awmod@dividend           cstackCOMRAM 000001
___awmod@divisor            cstackCOMRAM 000003
___awmod@sign               cstackCOMRAM 000006
___heap_hi                  (abs)        000000
___heap_lo                  (abs)        000000
___inthi_sp                 stack        000000
___inthi_stack_hi           stack        000000
___inthi_stack_lo           stack        000000
___intlo_sp                 stack        000000
___intlo_stack_hi           stack        000000
___intlo_stack_lo           stack        000000
___param_bank               (abs)        000000
___rparam_used              (abs)        000001
___sp                       stack        000000
___stack_hi                 stack        000000
___stack_lo                 stack        000000
___wmul                     text5        001D5E
___wmul@multiplicand        cstackCOMRAM 000003
___wmul@multiplier          cstackCOMRAM 000001
___wmul@product             cstackCOMRAM 000005
__accesstop                 (abs)        000060
__activetblptr              (abs)        000003
__end_of_ADC_init           text26       001E08
__end_of_HighISR            intcode      000030
__end_of_Interrupts_init    text25       001E3C
__end_of_LCD_E_TOG          text24       001E2E
__end_of_LCD_Init           text21       00174A
__end_of_LCD_sendbyte       text22       001DCE
__end_of_LCD_sendnibble     text23       001BD0
__end_of_LCD_sendstring     text20       001D5E
__end_of_LCD_setline        text19       001CC8
__end_of_LEDarray_disp_bin  text18       001812
__end_of_LEDarray_init      text17       001DAA
__end_of_Timer0_init        text16       001DEE
__end_of_UpdateClock        text14       0011BE
__end_of___awdiv            text12       0018D6
__end_of___awmod            text15       001986
__end_of___wmul             text5        001D84
__end_of__initialization    cinit        001C48
__end_of_abs                text11       001D30
__end_of_clock_init         text13       001E40
__end_of_dtoa               text6        00162A
__end_of_fputc              text9        001ADE
__end_of_fputs              text8        001C8E
__end_of_main               text0        001340
__end_of_pad                text7        001B68
__end_of_putch              text10       001E3E
__end_of_read_prec_or_width text4        001A34
__end_of_sprintf            text1        001CFC
__end_of_vfpfcnvrt          text3        0014C2
__end_of_vfprintf           text2        001C12
__initialization            cinit        001C12
__mediumconst               mediumconst  000000
__pbssBANK0                 bssBANK0     000084
__pbssCOMRAM                bssCOMRAM    000046
__pcinit                    cinit        001C12
__pcstackBANK0              cstackBANK0  000060
__pcstackCOMRAM             cstackCOMRAM 000001
__pdataBANK0                dataBANK0    0000A6
__pidataBANK0               idataBANK0   001E08
__pintcode                  intcode      000008
__psmallconst               smallconst   000E00
__ptext0                    text0        0011BE
__ptext1                    text1        001CC8
__ptext10                   text10       001E3C
__ptext11                   text11       001CFC
__ptext12                   text12       001812
__ptext13                   text13       001E3E
__ptext14                   text14       000E46
__ptext15                   text15       0018D6
__ptext16                   text16       001DCE
__ptext17                   text17       001D84
__ptext18                   text18       00174A
__ptext19                   text19       001C8E
__ptext2                    text2        001BD0
__ptext20                   text20       001D30
__ptext21                   text21       00162A
__ptext22                   text22       001DAA
__ptext23                   text23       001B68
__ptext24                   text24       001E20
__ptext25                   text25       001E2E
__ptext26                   text26       001DEE
__ptext3                    text3        001340
__ptext4                    text4        001986
__ptext5                    text5        001D5E
__ptext6                    text6        0014C2
__ptext7                    text7        001ADE
__ptext8                    text8        001C52
__ptext9                    text9        001A34
__ramtop                    ramtop       000E00
__smallconst                smallconst   000E00
_abs                        text11       001CFC
_clock_init                 text13       001E3E
_dbuf                       bssBANK0     000084
_dtoa                       text6        0014C2
_dtoa$1872                  cstackCOMRAM 000018
_flags                      bssCOMRAM    00004A
_fputc                      text9        001A34
_fputs                      text8        001C52
_main                       text0        0011BE
_pad                        text7        001ADE
_prec                       bssCOMRAM    000048
_putch                      text10       001E3C
_read_prec_or_width         text4        001986
_sprintf                    text1        001CC8
_vfpfcnvrt                  text3        001340
_vfprintf                   text2        001BD0
_width                      bssCOMRAM    000046
abs@a                       cstackCOMRAM 000007
btemp                       temp         00004B
dtoa@d                      cstackCOMRAM 000016
dtoa@fp                     cstackCOMRAM 000015
dtoa@i                      cstackCOMRAM 00001E
dtoa@p                      cstackCOMRAM 00001A
dtoa@s                      cstackCOMRAM 00001D
dtoa@w                      cstackCOMRAM 00001B
end_of_initialization       cinit        001C48
fputc@c                     cstackCOMRAM 000001
fputc@fp                    cstackCOMRAM 000003
fputs@c                     cstackCOMRAM 00000B
fputs@fp                    cstackCOMRAM 00000A
fputs@i                     cstackCOMRAM 00000C
fputs@s                     cstackCOMRAM 000009
int$flags                   temp         00004B
intlevel0                   text         000000
intlevel1                   text         000000
intlevel2                   text         000000
intlevel3                   text         000000
isa$std                     (abs)        000001
isa$xinst                   (abs)        000000
main@TestMode               cstackBANK0  000074
main@buf                    cstackBANK0  000060
main@clock                  cstackBANK0  000076
pad@buf                     cstackCOMRAM 00000F
pad@fp                      cstackCOMRAM 00000E
pad@i                       cstackCOMRAM 000013
pad@p                       cstackCOMRAM 000010
read_prec_or_width@ap       cstackCOMRAM 000008
read_prec_or_width@c        cstackCOMRAM 000009
read_prec_or_width@fmt      cstackCOMRAM 000007
read_prec_or_width@n        cstackCOMRAM 00000A
sprintf@ap                  cstackCOMRAM 000039
sprintf@f                   cstackCOMRAM 00003A
sprintf@fmt                 cstackCOMRAM 000030
sprintf@s                   cstackCOMRAM 00002F
stackhi                     (abs)        000000
stacklo                     (abs)        000000
start                       init         000030
start_initialization        cinit        001C12
ttemp5                      temp         00004C
ttemp6                      temp         00004F
ttemp7                      temp         000053
vfpfcnvrt@ap                cstackCOMRAM 000022
vfpfcnvrt@convarg           cstackCOMRAM 000025
vfpfcnvrt@cp                cstackCOMRAM 00002A
vfpfcnvrt@done              cstackCOMRAM 000029
vfpfcnvrt@fmt               cstackCOMRAM 000021
vfpfcnvrt@fp                cstackCOMRAM 000020
vfprintf@ap                 cstackCOMRAM 00002D
vfprintf@cfmt               cstackCOMRAM 00002E
vfprintf@fmt                cstackCOMRAM 00002C
vfprintf@fp                 cstackCOMRAM 00002B
wtemp8                      temp         00004C


MODULE INFORMATION

Module		Function		Class		Link	Load	Size
C:\Program Files\Microchip\xc8\v2.45\pic\sources\c99\common\Umul16.c
		___wmul        		CODE           	1D5E	0000	38

C:\Program Files\Microchip\xc8\v2.45\pic\sources\c99\common\Umul16.c estimated size: 38

timers.c
		_Timer0_init   		CODE           	1DCE	0000	32

timers.c estimated size: 32

clock.c
		_clock_init    		CODE           	1E3E	0000	2
		_UpdateClock   		CODE           	0E46	0000	888

clock.c estimated size: 890

interrupts.c
		_Interrupts_init		CODE           	1E2E	0000	14
		_HighISR       		CODE           	0008	0000	40

interrupts.c estimated size: 54

LEDarray.c
		_LEDarray_init 		CODE           	1D84	0000	38
		_LEDarray_disp_bin		CODE           	174A	0000	200

LEDarray.c estimated size: 238

C:\Program Files\Microchip\xc8\v2.45\pic\sources\c99\common\nf_fputs.c
		_fputs         		CODE           	1C52	0000	60

C:\Program Files\Microchip\xc8\v2.45\pic\sources\c99\common\nf_fputs.c estimated size: 60

C:\Program Files\Microchip\xc8\v2.45\pic\sources\c99\common\nf_sprintf.c
		_sprintf       		CODE           	1CC8	0000	52

C:\Program Files\Microchip\xc8\v2.45\pic\sources\c99\common\nf_sprintf.c estimated size: 52

C:\Program Files\Microchip\xc8\v2.45\pic\sources\c99\common\awmod.c
		___awmod       		CODE           	18D6	0000	176

C:\Program Files\Microchip\xc8\v2.45\pic\sources\c99\common\awmod.c estimated size: 176

C:\Program Files\Microchip\xc8\v2.45\pic\sources\c99\common\putch.c
		_putch         		CODE           	1E3C	0000	2

C:\Program Files\Microchip\xc8\v2.45\pic\sources\c99\common\putch.c estimated size: 2

shared
		__initialization		CODE           	1C12	0000	54

shared estimated size: 54

C:\Program Files\Microchip\xc8\v2.45\pic\sources\c99\common\abs.c
		_abs           		CODE           	1CFC	0000	52

C:\Program Files\Microchip\xc8\v2.45\pic\sources\c99\common\abs.c estimated size: 52

ADC.c
		_ADC_init      		CODE           	1DEE	0000	26

ADC.c estimated size: 26

main.c
		_main          		CODE           	11BE	0000	386

main.c estimated size: 386

C:\Program Files\Microchip\xc8\v2.45\pic\sources\c99\common\nf_fputc.c
		_fputc         		CODE           	1A34	0000	170

C:\Program Files\Microchip\xc8\v2.45\pic\sources\c99\common\nf_fputc.c estimated size: 170

C:\Program Files\Microchip\xc8\v2.45\pic\sources\c99\common\doprnt.c
		_read_prec_or_width		CODE           	1986	0000	174
		_vfpfcnvrt     		CODE           	1340	0000	386
		_pad           		CODE           	1ADE	0000	138
		_dtoa          		CODE           	14C2	0000	360
		_vfprintf      		CODE           	1BD0	0000	66

C:\Program Files\Microchip\xc8\v2.45\pic\sources\c99\common\doprnt.c estimated size: 1124

C:\Program Files\Microchip\xc8\v2.45\pic\sources\c99\common\awdiv.c
		___awdiv       		CODE           	1812	0000	196

C:\Program Files\Microchip\xc8\v2.45\pic\sources\c99\common\awdiv.c estimated size: 196

LCD.c
		_LCD_Init      		CODE           	162A	0000	288
		_LCD_sendbyte  		CODE           	1DAA	0000	36
		_LCD_E_TOG     		CODE           	1E20	0000	14
		_LCD_setline   		CODE           	1C8E	0000	58
		_LCD_sendnibble		CODE           	1B68	0000	104
		_LCD_sendstring		CODE           	1D30	0000	46

LCD.c estimated size: 546

